Microchip MPLAB XC8 Compiler V2.41

Linker command line:

-W-3 \
  --edf=C:\Program Files\Microchip\xc8\v2.41\pic\dat\20230208172133_en.msgs \
  -cn -h+dist/default/production\PIC18F4550_DISPLAY_7SEG.X.production.sym \
  --cmf=dist/default/production\PIC18F4550_DISPLAY_7SEG.X.production.cmf -z \
  -Q18F4550 -oC:\Users\TRABAJO\AppData\Local\Temp\xcCsfkc.2\driver_tmp_3.o \
  --defsym=__MPLAB_BUILD=1 --fixupoverflow=error \
  -Mdist/default/production/PIC18F4550_DISPLAY_7SEG.X.production.map \
  --md=C:\Users\TRABAJO\AppData\Local\Temp\xcCsfkc.2\driver_tmp_0.dat -E1 \
  -ver=XC8 Compiler --acfsm=1493 -ACODE=00h-07FFFh -ACONST=00h-07FFFh \
  -ASMALLCONST=0800h-08FFhx120 -AMEDIUMCONST=0800h-07FFFh -ACOMRAM=01h-05Fh \
  -AABS1=00h-07FFh -ABIGRAM=01h-07FFh -ARAM=060h-0FFh,0100h-01FFhx7 \
  -ABANK0=060h-0FFh -ABANK1=0100h-01FFh -ABANK2=0200h-02FFh \
  -ABANK3=0300h-03FFh -ABANK4=0400h-04FFh -ABANK5=0500h-05FFh \
  -ABANK6=0600h-06FFh -ABANK7=0700h-07FFh -ASFR=0F60h-0FFFh \
  -ABIGSFR=0F60h-0FFFh -ACONFIG=0300000h-030000Dh -AIDLOC=0200000h-0200007h \
  -AEEDATA=0F00000h-0F000FFh -peeprom_data=EEDATA \
  -preset_vec=00h,intcode,intcodelo,powerup,init -pramtop=0800h \
  -psmallconst=SMALLCONST -pmediumconst=MEDIUMCONST -pconst=CONST \
  -AFARRAM=00h-00h \
  -prdata=COMRAM,nvrram=COMRAM,nvbit=COMRAM,rbss=COMRAM,rbit=COMRAM \
  -pfarbss=FARRAM,fardata=FARRAM,nvFARRAM=FARRAM \
  -pintsave_regs=BIGRAM,bigbss=BIGRAM,bigdata=BIGRAM -pbss=RAM \
  -pidata=CODE,irdata=CODE,ibigdata=CODE,ifardata=CODE -prparam=COMRAM \
  C:\Users\TRABAJO\AppData\Local\Temp\xcCsfkc.2\driver_tmp_9.o \
  dist/default/production\PIC18F4550_DISPLAY_7SEG.X.production.o 

Object code version is 3.11

Machine type is 18F4550



                Name                               Link     Load   Length Selector   Space Scale
C:\Users\TRABAJO\AppData\Local\Temp\xcCsfkc.2\driver_tmp_9.o
                idloc                            200000   200000        8        0       5
                config                           300000   300000        E        0       4
                init                                  0        0        4        0       0
dist/default/production\PIC18F4550_DISPLAY_7SEG.X.production.o
                idloc                            200000   200000        8        0       5
                config                           300000   300000        E        0       4
                text10                             7D4C     7D4C       C2     3EA6       0
                text9                              7C68     7C68       34     3E34       0
                text8                              7E0E     7E0E       C4     3F07       0
                text7                              7C9C     7C9C       B0     3E4E       0
                text6                              7ED2     7ED2      12E     3F69       0
                text5                              7C38     7C38        E     3E1C       0
                text4                              7C1E     7C1E        6     3E0F       0
                text3                              7C1C     7C1C        2     3E0E       0
                text2                              7C24     7C24        A     3E12       0
                text1                              7C56     7C56       12     3E2B       0
                text0                              7C46     7C46       10     3E23       0
                cstackCOMRAM                          1        1        F        1       1
                cinit                              7C2E     7C2E        A     3E17       0
                nvCOMRAM                             10       10        A        1       1

TOTAL           Name                               Link     Load   Length     Space
        CLASS   CODE           
                init                                  0        0        4         0
                text10                             7D4C     7D4C       C2         0
                text9                              7C68     7C68       34         0
                text8                              7E0E     7E0E       C4         0
                text7                              7C9C     7C9C       B0         0
                text6                              7ED2     7ED2      12E         0
                text5                              7C38     7C38        E         0
                text4                              7C1E     7C1E        6         0
                text3                              7C1C     7C1C        2         0
                text2                              7C24     7C24        A         0
                text1                              7C56     7C56       12         0
                text0                              7C46     7C46       10         0
                cinit                              7C2E     7C2E        A         0

        CLASS   CONST          

        CLASS   SMALLCONST     

        CLASS   MEDIUMCONST    

        CLASS   COMRAM         
                cstackCOMRAM                          1        1        F         1
                nvCOMRAM                             10       10        A         1

        CLASS   ABS1           

        CLASS   BIGRAM         

        CLASS   RAM            

        CLASS   BANK0          

        CLASS   BANK1          

        CLASS   BANK2          

        CLASS   BANK3          

        CLASS   BANK4          

        CLASS   BANK5          

        CLASS   BANK6          

        CLASS   BANK7          

        CLASS   SFR            

        CLASS   BIGSFR         

        CLASS   CONFIG         
                config                           300000   300000        E         4

        CLASS   IDLOC          
                idloc                            200000   200000        8         5

        CLASS   EEDATA         

        CLASS   FARRAM         

        CLASS   HEAP           

        CLASS   STACK          



SEGMENTS        Name                           Load    Length   Top    Selector   Space  Class

                reset_vec                      000000  000004  000004         0       0  CODE    
                cstackCOMRAM                   000001  000019  00001A         1       1  COMRAM  
                text3                          007C1C  000002  007C1E      3E0E       0  CODE    
                text4                          007C1E  000006  007C24      3E0F       0  CODE    
                text2                          007C24  00000A  007C2E      3E12       0  CODE    
                cinit                          007C2E  00000A  007C38      3E17       0  CODE    
                text5                          007C38  00000E  007C46      3E1C       0  CODE    
                text0                          007C46  000010  007C56      3E23       0  CODE    
                text1                          007C56  000012  007C68      3E2B       0  CODE    
                text9                          007C68  000034  007C9C      3E34       0  CODE    
                text7                          007C9C  0000B0  007D4C      3E4E       0  CODE    
                text10                         007D4C  0000C2  007E0E      3EA6       0  CODE    
                text8                          007E0E  0000C4  007ED2      3F07       0  CODE    
                text6                          007ED2  00012E  008000      3F69       0  CODE    


UNUSED ADDRESS RANGES

        Name                Unused          Largest block    Delta
        BANK0            000060-0000FF               A0
        BANK1            000100-0001FF              100
        BANK2            000200-0002FF              100
        BANK3            000300-0003FF              100
        BANK4            000400-0004FF              100
        BANK5            000500-0005FF              100
        BANK6            000600-0006FF              100
        BANK7            000700-0007FF              100
        BIGRAM           00001A-0007FF              7E6
        BIGSFR           000F60-000FFF               A0
        CODE             000004-007C1B             7C18
        COMRAM           00001A-00005F               46
        CONST            000004-007C1B             7C18
        EEDATA           F00000-F000FF              100
        MEDIUMCONST      000800-007C1B             741C
        RAM              000060-0007FF              100
        SFR              000F60-000FFF               A0
        SMALLCONST       000800-007C1B              100

                                  Symbol Table

?_ReadADC                cstackCOMRAM 000001
?___awdiv                cstackCOMRAM 000001
?___awmod                cstackCOMRAM 000009
DISPLAY_7SEG@x           cstackCOMRAM 000001
ReadADC@channel          cstackCOMRAM 000005
_ADCON0                  (abs)        000FC2
_ADCON1                  (abs)        000FC1
_ADCON2                  (abs)        000FC0
_ADRESH                  (abs)        000FC4
_ADRESL                  (abs)        000FC3
_D1                      nvCOMRAM     000018
_D2                      nvCOMRAM     000016
_D3                      nvCOMRAM     000014
_D4                      nvCOMRAM     000012
_DISPLAY_7SEG            text10       007D4C
_GO_nDONE                (abs)        007E11
_LATB                    (abs)        000F8A
_LATD                    (abs)        000F8C
_MOSTRAR_DISPLAY         text6        007ED2
_OSCCON                  (abs)        000FD3
_ReadADC                 text9        007C68
_Setup                   text1        007C56
_SetupADC                text5        007C38
_SetupOscilador          text4        007C1E
_Setupint                text3        007C1C
_Setupports              text2        007C24
_TRISB                   (abs)        000F93
_TRISD                   (abs)        000F95
__HRAM                   (abs)        000000
__H__absolute__          __absolute__ 000000
__Habs1                  abs1         000000
__Hbank0                 bank0        000000
__Hbank1                 bank1        000000
__Hbank2                 bank2        000000
__Hbank3                 bank3        000000
__Hbank4                 bank4        000000
__Hbank5                 bank5        000000
__Hbank6                 bank6        000000
__Hbank7                 bank7        000000
__Hbigbss                bigbss       000000
__Hbigdata               bigdata      000000
__Hbigram                bigram       000000
__Hbigsfr                bigsfr       000000
__Hbss                   bss          000000
__Hcinit                 cinit        000000
__Hclrtext               clrtext      000000
__Hcomram                comram       000000
__Hconfig                config       30000E
__Hconst                 const        000000
__HcstackCOMRAM          cstackCOMRAM 000000
__Hdata                  data         000000
__Heeprom_data           eeprom_data  000000
__Hfarbss                farbss       000000
__Hfardata               fardata      000000
__Hheap                  heap         000000
__Hibigdata              ibigdata     000000
__Hidata                 idata        000000
__Hidloc                 idloc        200008
__Hifardata              ifardata     000000
__Hinit                  init         000004
__Hintcode               intcode      000000
__Hintcode_body          intcode_body 000000
__Hintcodelo             intcodelo    000000
__Hintentry              intentry     000000
__Hintret                intret       000000
__Hintsave_regs          intsave_regs 000000
__Hirdata                irdata       000000
__Hmediumconst           mediumconst  000000
__HnvCOMRAM              nvCOMRAM     000000
__HnvFARRAM              nvFARRAM     000000
__Hnvbit                 nvbit        000000
__Hnvrram                nvrram       000000
__Hparam                 rparam       000000
__Hpowerup               powerup      000000
__Hram                   ram          000000
__Hramtop                ramtop       000800
__Hrbit                  rbit         000000
__Hrbss                  rbss         000000
__Hrdata                 rdata        000000
__Hreset_vec             reset_vec    000000
__Hrparam                rparam       000000
__Hsfr                   sfr          000000
__Hsmallconst            smallconst   000000
__Hspace_0               (abs)        008000
__Hspace_1               (abs)        00001A
__Hspace_2               (abs)        000000
__Hspace_4               (abs)        60000E
__Hstack                 stack        000000
__Hstruct                struct       000000
__Htemp                  temp         000000
__Htext                  text         000000
__Htext0                 text0        000000
__Htext1                 text1        000000
__Htext10                text10       000000
__Htext2                 text2        000000
__Htext3                 text3        000000
__Htext4                 text4        000000
__Htext5                 text5        000000
__Htext6                 text6        000000
__Htext7                 text7        000000
__Htext8                 text8        000000
__Htext9                 text9        000000
__LRAM                   (abs)        000001
__L__absolute__          __absolute__ 000000
__Labs1                  abs1         000000
__Lbank0                 bank0        000000
__Lbank1                 bank1        000000
__Lbank2                 bank2        000000
__Lbank3                 bank3        000000
__Lbank4                 bank4        000000
__Lbank5                 bank5        000000
__Lbank6                 bank6        000000
__Lbank7                 bank7        000000
__Lbigbss                bigbss       000000
__Lbigdata               bigdata      000000
__Lbigram                bigram       000000
__Lbigsfr                bigsfr       000000
__Lbss                   bss          000000
__Lcinit                 cinit        000000
__Lclrtext               clrtext      000000
__Lcomram                comram       000000
__Lconfig                config       000000
__Lconst                 const        000000
__LcstackCOMRAM          cstackCOMRAM 000000
__Ldata                  data         000000
__Leeprom_data           eeprom_data  000000
__Lfarbss                farbss       000000
__Lfardata               fardata      000000
__Lheap                  heap         000000
__Libigdata              ibigdata     000000
__Lidata                 idata        000000
__Lidloc                 idloc        000000
__Lifardata              ifardata     000000
__Linit                  init         000000
__Lintcode               intcode      000000
__Lintcode_body          intcode_body 000000
__Lintcodelo             intcodelo    000000
__Lintentry              intentry     000000
__Lintret                intret       000000
__Lintsave_regs          intsave_regs 000000
__Lirdata                irdata       000000
__Lmediumconst           mediumconst  000000
__LnvCOMRAM              nvCOMRAM     000000
__LnvFARRAM              nvFARRAM     000000
__Lnvbit                 nvbit        000000
__Lnvrram                nvrram       000000
__Lparam                 rparam       000000
__Lpowerup               powerup      000000
__Lram                   ram          000000
__Lramtop                ramtop       000800
__Lrbit                  rbit         000000
__Lrbss                  rbss         000000
__Lrdata                 rdata        000000
__Lreset_vec             reset_vec    000000
__Lrparam                rparam       000000
__Lsfr                   sfr          000000
__Lsmallconst            smallconst   000000
__Lspace_0               (abs)        000000
__Lspace_1               (abs)        000000
__Lspace_2               (abs)        000000
__Lspace_4               (abs)        000000
__Lstack                 stack        000000
__Lstruct                struct       000000
__Ltemp                  temp         000000
__Ltext                  text         000000
__Ltext0                 text0        000000
__Ltext1                 text1        000000
__Ltext10                text10       000000
__Ltext2                 text2        000000
__Ltext3                 text3        000000
__Ltext4                 text4        000000
__Ltext5                 text5        000000
__Ltext6                 text6        000000
__Ltext7                 text7        000000
__Ltext8                 text8        000000
__Ltext9                 text9        000000
__S0                     (abs)        008000
__S1                     (abs)        00001A
__S4                     (abs)        000000
__S5                     (abs)        000000
___awdiv                 text8        007E0E
___awdiv@counter         cstackCOMRAM 000005
___awdiv@dividend        cstackCOMRAM 000001
___awdiv@divisor         cstackCOMRAM 000003
___awdiv@quotient        cstackCOMRAM 000007
___awdiv@sign            cstackCOMRAM 000006
___awmod                 text7        007C9C
___awmod@counter         cstackCOMRAM 00000D
___awmod@dividend        cstackCOMRAM 000009
___awmod@divisor         cstackCOMRAM 00000B
___awmod@sign            cstackCOMRAM 00000E
___heap_hi               (abs)        000000
___heap_lo               (abs)        000000
___inthi_sp              stack        000000
___intlo_sp              stack        000000
___param_bank            (abs)        000000
___rparam_used           (abs)        000001
___sp                    stack        000000
__accesstop              (abs)        000060
__activetblptr           (abs)        000002
__end_of_DISPLAY_7SEG    text10       007E0E
__end_of_MOSTRAR_DISPLAY text6        008000
__end_of_ReadADC         text9        007C9C
__end_of_Setup           text1        007C68
__end_of_SetupADC        text5        007C46
__end_of_SetupOscilador  text4        007C24
__end_of_Setupint        text3        007C1E
__end_of_Setupports      text2        007C2E
__end_of___awdiv         text8        007ED2
__end_of___awmod         text7        007D4C
__end_of__initialization cinit        007C2E
__end_of_main            text0        007C56
__initialization         cinit        007C2E
__mediumconst            mediumconst  000000
__pcinit                 cinit        007C2E
__pcstackCOMRAM          cstackCOMRAM 000001
__pnvCOMRAM              nvCOMRAM     000010
__ptext0                 text0        007C46
__ptext1                 text1        007C56
__ptext10                text10       007D4C
__ptext2                 text2        007C24
__ptext3                 text3        007C1C
__ptext4                 text4        007C1E
__ptext5                 text5        007C38
__ptext6                 text6        007ED2
__ptext7                 text7        007C9C
__ptext8                 text8        007E0E
__ptext9                 text9        007C68
__ramtop                 ramtop       000800
__smallconst             smallconst   000000
_main                    text0        007C46
_prueba                  nvCOMRAM     000010
end_of_initialization    cinit        007C2E
intlevel0                text         000000
intlevel1                text         000000
intlevel2                text         000000
intlevel3                text         000000
isa$std                  (abs)        000001
isa$xinst                (abs)        000000
stackhi                  (abs)        000000
stacklo                  (abs)        000000
start                    init         000000
start_initialization     cinit        007C2E


MODULE INFORMATION

Module		Function		Class		Link	Load	Size
C:\Program Files\Microchip\xc8\v2.41\pic\sources\c99\common\awmod.c
		___awmod       		CODE           	7C9C	0000	176

C:\Program Files\Microchip\xc8\v2.41\pic\sources\c99\common\awmod.c estimated size: 176

C:\Program Files\Microchip\xc8\v2.41\pic\sources\c99\common\awdiv.c
		___awdiv       		CODE           	7E0E	0000	196

C:\Program Files\Microchip\xc8\v2.41\pic\sources\c99\common\awdiv.c estimated size: 196

shared
		__initialization		CODE           	7C2E	0000	1

shared estimated size: 1

Setup.c
		_SetupOscilador		CODE           	7C1E	0000	6
		_Setupint      		CODE           	7C1C	0000	2
		_Setupports    		CODE           	7C24	0000	10
		_Setup         		CODE           	7C56	0000	18
		_SetupADC      		CODE           	7C38	0000	14

Setup.c estimated size: 50

main.c
		_main          		CODE           	7C46	0000	16
		_DISPLAY_7SEG  		CODE           	7D4C	0000	194
		_ReadADC       		CODE           	7C68	0000	52
		_MOSTRAR_DISPLAY		CODE           	7ED2	0000	302

main.c estimated size: 564

